../Core/Src/main.c:100:8:map	56	static
../Core/Src/main.c:106:10:read_servo_feedback	16	static
../Core/Src/main.c:114:10:adc_to_angle	24	static
../Core/Src/main.c:118:24:us_to_counts	16	static
../Core/Src/main.c:123:6:set_servo_angle	64	static
../Core/Src/main.c:140:6:UART_SEND	16	static
../Core/Src/main.c:151:5:main	136	static
../Core/Src/main.c:258:6:SystemClock_Config	88	static
../Core/Src/main.c:306:13:MX_ADC1_Init	24	static
../Core/Src/main.c:376:13:MX_ADC2_Init	24	static
../Core/Src/main.c:428:13:MX_TIM2_Init	32	static
../Core/Src/main.c:473:13:MX_TIM3_Init	64	static
../Core/Src/main.c:532:13:MX_USART2_UART_Init	8	static
../Core/Src/main.c:563:13:MX_DMA_Init	16	static
../Core/Src/main.c:581:13:MX_GPIO_Init	48	static
../Core/Src/main.c:627:6:HAL_ADC_ConvCpltCallback	16	static
../Core/Src/main.c:646:6:StartDefaultTask	16	static
../Core/Src/main.c:665:6:ADCReadStart	40	static
../Core/Src/main.c:696:6:StartStartSwitch	16	static
../Core/Src/main.c:729:6:PIDLoopStart	88	static
../Core/Src/main.c:828:6:HAL_TIM_PeriodElapsedCallback	16	static
../Core/Src/main.c:846:6:Error_Handler	4	static,ignoring_inline_asm
